#! /c/Source/iverilog-install/bin/vvp
:ivl_version "12.0 (devel)" "(s20150603-1539-g2693dd32b)";
:ivl_delay_selection "TYPICAL";
:vpi_time_precision + 0;
:vpi_module "C:\iverilog\lib\ivl\system.vpi";
:vpi_module "C:\iverilog\lib\ivl\vhdl_sys.vpi";
:vpi_module "C:\iverilog\lib\ivl\vhdl_textio.vpi";
:vpi_module "C:\iverilog\lib\ivl\v2005_math.vpi";
:vpi_module "C:\iverilog\lib\ivl\va_math.vpi";
S_0000022f9abc6530 .scope module, "and_gate" "and_gate" 2 2;
 .timescale 0 0;
    .port_info 0 /INPUT 1 "a";
    .port_info 1 /INPUT 1 "b";
    .port_info 2 /OUTPUT 1 "y";
o0000022f9aa867f8 .functor BUFZ 1, C4<z>; HiZ drive
o0000022f9aa86828 .functor BUFZ 1, C4<z>; HiZ drive
L_0000022f9abc6b90 .functor AND 1, o0000022f9aa867f8, o0000022f9aa86828, C4<1>, C4<1>;
v0000022f9abc6db0_0 .net "a", 0 0, o0000022f9aa867f8;  0 drivers
v0000022f9abc6fd0_0 .net "b", 0 0, o0000022f9aa86828;  0 drivers
v0000022f9abcee40_0 .net "y", 0 0, L_0000022f9abc6b90;  1 drivers
# The file index is used to find the file name in the following table.
:file_names 3;
    "N/A";
    "<interactive>";
    "E:\VS GIT Repository 02\verilog-practice\Verilog-HDL-and-RTL-Design\[08]-Combinational-RTL-Design\[01]-Logic-Gates\01-AND-Gate\and_gate.v";
